<?xml version="1.0" encoding="UTF-8" ?>
<testsuites name="vitest tests" tests="22" failures="0" errors="0" time="0.0426212">
    <testsuite name="src/components/__tests__/component-tests/App.test.ts" timestamp="2025-12-03T12:48:25.802Z" hostname="DESKTOP_i513600" tests="4" failures="0" errors="0" skipped="0" time="0.0291816">
        <testcase classname="src/components/__tests__/component-tests/App.test.ts" name="App.vue &gt; adds landing-page-body class so background can be rendered on root path" time="0.0199536">
        </testcase>
        <testcase classname="src/components/__tests__/component-tests/App.test.ts" name="App.vue &gt; adds gradient-background-body class on subscription checkout page" time="0.0030307">
        </testcase>
        <testcase classname="src/components/__tests__/component-tests/App.test.ts" name="App.vue &gt; adds gradient-background-body class on onboarding pages" time="0.0021086">
        </testcase>
        <testcase classname="src/components/__tests__/component-tests/App.test.ts" name="App.vue &gt; removes all classes when navigating away" time="0.0031865">
        </testcase>
    </testsuite>
    <testsuite name="src/components/__tests__/script-tests/api-communication-abstractor.test.ts" timestamp="2025-12-03T12:48:25.803Z" hostname="DESKTOP_i513600" tests="2" failures="0" errors="0" skipped="0" time="0.005092">
        <testcase classname="src/components/__tests__/script-tests/api-communication-abstractor.test.ts" name="fetch called with correct URL and options" time="0.003695">
        </testcase>
        <testcase classname="src/components/__tests__/script-tests/api-communication-abstractor.test.ts" name="throws when response has failure flag" time="0.0006615">
        </testcase>
    </testsuite>
    <testsuite name="src/components/__tests__/script-tests/api.test.ts" timestamp="2025-12-03T12:48:25.804Z" hostname="DESKTOP_i513600" tests="16" failures="0" errors="0" skipped="0" time="0.0083476">
        <testcase classname="src/components/__tests__/script-tests/api.test.ts" name="Level translations &gt; multiple levels gets correcly translated" time="0.0019237">
        </testcase>
        <testcase classname="src/components/__tests__/script-tests/api.test.ts" name="Level translations &gt; one course gets correcly translated" time="0.0003592">
        </testcase>
        <testcase classname="src/components/__tests__/script-tests/api.test.ts" name="API calls &gt; Subscription tests &gt; getAllSubscriptions fetches subscriptions" time="0.0018093">
        </testcase>
        <testcase classname="src/components/__tests__/script-tests/api.test.ts" name="API calls &gt; Subscription tests &gt; getAllSubscriptions handles errors" time="0.0003685">
        </testcase>
        <testcase classname="src/components/__tests__/script-tests/api.test.ts" name="API calls &gt; User tests &gt; getUserDetails fetches user by ID" time="0.0002937">
        </testcase>
        <testcase classname="src/components/__tests__/script-tests/api.test.ts" name="API calls &gt; User tests &gt; getUsersInLeaderboard fetches leaderboard" time="0.000211">
        </testcase>
        <testcase classname="src/components/__tests__/script-tests/api.test.ts" name="API calls &gt; User tests &gt; enrollUser posts enrollment" time="0.0001389">
        </testcase>
        <testcase classname="src/components/__tests__/script-tests/api.test.ts" name="API calls &gt; User tests &gt; changeOccupation posts new occupation" time="0.0002836">
        </testcase>
        <testcase classname="src/components/__tests__/script-tests/api.test.ts" name="API calls &gt; User tests &gt; updateProfilePicture posts image string" time="0.0002529">
        </testcase>
        <testcase classname="src/components/__tests__/script-tests/api.test.ts" name="API calls &gt; User tests &gt; deleteProfilePicture sends DELETE request" time="0.0002309">
        </testcase>
        <testcase classname="src/components/__tests__/script-tests/api.test.ts" name="API calls &gt; Course tests &gt; getCourses fetches and translates levels" time="0.0002622">
        </testcase>
        <testcase classname="src/components/__tests__/script-tests/api.test.ts" name="API calls &gt; Course tests &gt; getCoursesByCategory filters by category" time="0.0002467">
        </testcase>
        <testcase classname="src/components/__tests__/script-tests/api.test.ts" name="API calls &gt; Course tests &gt; getCourseByID fetches single course" time="0.0001456">
        </testcase>
        <testcase classname="src/components/__tests__/script-tests/api.test.ts" name="API calls &gt; Course tests &gt; getUserCourses filters completed courses" time="0.0001825">
        </testcase>
        <testcase classname="src/components/__tests__/script-tests/api.test.ts" name="API calls &gt; Course tests &gt; getUserCourses returns empty array on error" time="0.0001998">
        </testcase>
        <testcase classname="src/components/__tests__/script-tests/api.test.ts" name="API calls &gt; Course tests &gt; removeUserCoursesFromList filters enrolled courses" time="0.0002112">
        </testcase>
    </testsuite>
</testsuites>
